[home/index.html]
[backblue.gif]
[fade.gif]
[index.html]
[link2/731/635/iva_color_favicon-1.png]
[link1/application/themes/site/635/_generated/build.bb096d62471c1665e2bc993a4de1ed96d0ed.css]
[link1/application/themes/site/635/_generated/build.d223e1439188e478349d52476506c22ec03b.js]
[link1/application/themes/front_end/_common/common_asset/js/emailPopup.js]
[link1/application/themes/front_end/_common/common_asset/js/address_scripts8a54.js]
[link1/application/themes/front_end/_common/common_asset/css/currency_style8a54.css]
[home/learnastrologyonline/vedic-astrology.html]
[home/learnastrologyonline/vedic-vastu.html]
[home/#]
[home/#]
[home/#]
[home/#]
[home/#]
[home/#]
[home/#]
[home/learnastrologyonline/about-us.html]
[link2/711/635/close_icon.png]
[home/blog.html]
[link2/711/635/vedic_astro_banner.jpg]
[link2/731/635/home_prospectus_image.jpg]
[home/learnastrologyonline/thanks.html]
[link2/731/635/free_shipping.png]
[link2/731/635/bonus.png]
[link2/731/635/certification.png]
[link2/731/635/video_library.png]
[link2/731/635/quick_support.png]
[link2/711/635/about_thumb4.jpg]
[link2/731/635/hr_img.png]
[link2/731/635/medical_astrology-1.jpg]
[link2/731/635/Mercantile__Business__Astrology_Specialization.jpg]
[link2/731/635/Professional_Report_Writing_Guide.jpg]
[link2/731/635/Ancient_Wisdom__Modern_Relevance.png]
[link2/731/635/Our_Student_First_Philosophy.png]
[link2/731/635/Professional_Growth___Recognition.png]
[link2/731/635/rating_stars2.png]
[link2/731/635/akash_gupta.png]
[link2/731/635/Manpreet_Singh_Bhatia.png]
[link2/731/635/manoj_yadav.png]
[link2/731/635/meenu_wadhwani.png]
[link2/731/635/Jeanette_Robins.png]
[link2/731/635/N_S_subramanyam.png]
[link2/731/635/shruti_jain.png]
[link2/731/635/Case_Study_reena.jpg]
[home/learnastrologyonline/from-struggling-homemaker-to-sought-after-vastu-consultant.html]
[link2/731/635/Case_Study_3__Rahul_Kashyap.jpg]
[home/learnastrologyonline/how-astrology-boosted-his-sales-and-respect.html]
[link2/731/635/prakash_panjabi.png]
[link2/731/635/NEELIMA_NILESSH_SARDA.png]
[link2/731/635/Rahul_Agrawal.png]
[link2/731/635/arpit_jain.png]
[link2/731/635/jwala_prasad_mishra.png]
[link2/731/635/ravikant_shastri.png]
[link2/731/635/meena_gala.png]
[link2/731/635/sree_rama.png]
[link2/731/635/GAUTAM_AGRAWAL.png]
[link2/731/635/HEMANTBAID.png]
[link2/731/635/atul_sharma.png]
[link2/731/635/hs_sridhar.png]
[link2/731/635/sukhbir_singh_kochar_1.png]
[link2/731/635/manoj_upadhaya.png]
[link2/731/635/SATISHLODHA.png]
[link2/731/635/rajan_maket.png]
[link2/731/635/AashishPatidar_1.jpg]
[link2/731/635/Anjali_saraf_1.jpg]
[link2/731/635/ArtiSharda_min.jpg]
[link2/711/635/AZ_Surabhi_min.jpg]
[link2/731/635/up.png]
[home/learnastrologyonline/privacy.html]
[home/learnastrologyonline/admission-form.html]
[home/learnastrologyonline/disclaimer.html]
[home/learnastrologyonline/copyright-policy.html]
[home/learnastrologyonline/terms-conditions.html]
[home/learnastrologyonline/delivery-and-shipping-policy.html]
[home/learnastrologyonline/contact-us.html]
[home/learnastrologyonline/refund-policy.html]
[link2/731/635/welcome_pop_image_2022_new.png]
[link2/731/580/signup_modal-1.png]
[link2/731/635/IVA_BOOK_1.png]
[home/index.html]
[link1/application/themes/site/635/_generated/build.bb096d62471c1665e2bc993a4de1ed96d0ed.css]
[link1/application/themes/front_end/_common/common_asset/css/currency_style8a54.css]
[www.googletagmanager.com/gtm5445.html]
[home/learnastrologyonline/vedic-astrology.html]
[home/learnastrologyonline/vedic-vastu.html]
[home/#]
[home/#]
[home/#]
[home/#]
[home/#]
[home/#]
[home/#]
[home/learnastrologyonline/about-us.html]
[home/blog.html]
[home/learnastrologyonline/thanks.html]
[home/learnastrologyonline/from-struggling-homemaker-to-sought-after-vastu-consultant.html]
[home/learnastrologyonline/how-astrology-boosted-his-sales-and-respect.html]
[home/learnastrologyonline/privacy.html]
[home/learnastrologyonline/admission-form.html]
[home/learnastrologyonline/disclaimer.html]
[home/learnastrologyonline/copyright-policy.html]
[home/learnastrologyonline/terms-conditions.html]
[home/learnastrologyonline/delivery-and-shipping-policy.html]
[home/learnastrologyonline/contact-us.html]
[home/learnastrologyonline/refund-policy.html]
[link1/application/themes/site/635/_generated/build.5d08a846e5fe807705bcd4697e90e8761614.js]
